js: cat.js
code: cat.code
data: cat.data
txt: cat.txt
translator_log: cat-1.log
machine_log: cat-2.log
