js: hello_user.js
code: hello_user.code
data: hello_user.data
txt: hello_user.txt
translator_log: hello_user-1.log
machine_log: hello_user-2.log
